 
 -------------- celery@Aeologics-MacBook-Pro-2.local v5.6.3 (recovery)
--- ***** ----- 
-- ******* ---- macOS-26.5.2-x86_64-i386-64bit-Mach-O 2026-08-10 18:47:26
- *** --- * --- 
- ** ---------- [config]
- ** ---------- .> app:         ai_studio_tasks:0x10d909010
- ** ---------- .> transport:   redis://localhost:6379/0
- ** ---------- .> results:     redis://localhost:6379/0
- *** --- * --- .> concurrency: 4 (thread)
-- ******* ---- .> task events: OFF (enable -E to monitor tasks in this worker)
--- ***** ----- 
 -------------- [queues]
                .> celery           exchange=celery(direct) key=celery
                

[tasks]
  . process_async_job

[2026-08-10 18:47:26,926: INFO/MainProcess] Connected to redis://localhost:6379/0
[2026-08-10 18:47:26,935: INFO/MainProcess] mingle: searching for neighbors
[2026-08-10 18:47:27,948: INFO/MainProcess] mingle: all alone
[2026-08-10 18:47:27,967: INFO/MainProcess] celery@Aeologics-MacBook-Pro-2.local ready.
[2026-08-10 18:47:33,418: INFO/MainProcess] Task process_async_job[d78e568c-780f-45ef-a666-ccb66f6b59ca] received
[2026-08-10 18:47:33,418: INFO/MainProcess] Celery worker processing job_id=job_3073d8fdf9cd, job_type=THEME_CHANGE, user_id=lWxV9Cx98sRcXIdRMUTqxiVY24R2
[2026-08-10 18:47:33,419: INFO/MainProcess] Initializing Firebase Admin SDK using credentials file: /Users/aeologicbuddy/Desktop/Clients Project/Ai-Studio-Backend-/ai-studio-637ab-firebase-adminsdk-fbsvc-d51de0aebf.json
[2026-08-10 18:47:34,163: INFO/MainProcess] Executing Theme Change (FLUX.1 Schnell) for themeId=1, jobId=job_3073d8fdf9cd
[2026-08-10 18:47:34,372: INFO/MainProcess] Celery task completed successfully for jobId=job_3073d8fdf9cd
[2026-08-10 18:47:34,386: INFO/MainProcess] Task process_async_job[d78e568c-780f-45ef-a666-ccb66f6b59ca] succeeded in 0.968109881010605s: {'success': True, 'jobId': 'job_3073d8fdf9cd', 'outputUrl': 'https://storage.googleapis.com/ai-studio-637ab.firebasestorage.app/outputs/lWxV9Cx98sRcXIdRMUTqxiVY24R2/job_3073d8fdf9cd_theme_1.png', 'meshUrl': None}
